// Jest Snapshot v1, https://goo.gl/fbAQLP

exports[`withNavigationStackState should render correctly 1`] = `
<DocumentFragment>
  <div
    aria-hidden="false"
    class="test"
  >
    <div />
  </div>
</DocumentFragment>
`;
