// Jest Snapshot v1, https://goo.gl/fbAQLP

exports[`BpkParagraph should render correctly 1`] = `
<DocumentFragment>
  <p
    class="bpk-paragraph"
  >
    My paragraph
  </p>
</DocumentFragment>
`;
